[2024-09-24 10:59:59,545: INFO: common: yaml file: config\config.yaml loaded successfully]
[2024-09-24 10:59:59,569: INFO: common: yaml file: params.yaml loaded successfully]
[2024-09-24 10:59:59,573: INFO: common: created directory at: artifacts]
[2024-09-24 10:59:59,576: INFO: common: created directory at: artifacts/data_ingestion]
[2024-09-24 10:59:59,581: INFO: 401515409: Downloading data from https://drive.google.com/file/d/1vlhZ5c7abUKF8xXERIw6m9Te8fW7ohw3/view?usp=sharing into file artifacts/data_ingestion/data.zip]
[2024-09-24 11:01:57,651: INFO: common: yaml file: config\config.yaml loaded successfully]
[2024-09-24 11:01:57,651: INFO: common: yaml file: params.yaml loaded successfully]
[2024-09-24 11:01:57,651: INFO: common: created directory at: artifacts]
[2024-09-24 11:01:57,651: INFO: common: created directory at: artifacts/data_ingestion]
[2024-09-24 11:01:57,651: INFO: 401515409: Downloading data from https://drive.google.com/file/d/1vlhZ5c7abUKF8xXERIw6m9Te8fW7ohw3/view?usp=sharing into file artifacts/data_ingestion/data.zip]
[2024-09-24 11:03:21,083: INFO: 401515409: Downloaded data from https://drive.google.com/file/d/1vlhZ5c7abUKF8xXERIw6m9Te8fW7ohw3/view?usp=sharing into file artifacts/data_ingestion/data.zip]
[2024-09-24 12:03:09,436: INFO: main: >>>>>> stage Data ingestion stage started <<<<<<]
[2024-09-24 12:03:09,438: INFO: common: yaml file: config\config.yaml loaded successfully]
[2024-09-24 12:03:09,440: INFO: common: yaml file: params.yaml loaded successfully]
[2024-09-24 12:03:09,441: INFO: common: created directory at: artifacts]
[2024-09-24 12:03:09,441: INFO: common: created directory at: artifacts/data_ingestion]
[2024-09-24 12:03:09,441: INFO: data_ingestion: Downloading data from https://drive.google.com/file/d/1vlhZ5c7abUKF8xXERIw6m9Te8fW7ohw3/view?usp=sharing into file artifacts/data_ingestion/data.zip]
[2024-09-24 12:05:04,182: INFO: data_ingestion: Downloaded data from https://drive.google.com/file/d/1vlhZ5c7abUKF8xXERIw6m9Te8fW7ohw3/view?usp=sharing into file artifacts/data_ingestion/data.zip]
[2024-09-24 12:05:04,634: INFO: main: >>>>>> stage Data ingestion stage completed <<<<<<

x==========x]
[2024-09-24 12:39:44,124: INFO: common: yaml file: config\config.yaml loaded successfully]
[2024-09-24 12:39:44,130: INFO: common: yaml file: params.yaml loaded successfully]
[2024-09-24 12:39:44,133: INFO: common: created directory at: artifacts]
[2024-09-24 12:46:51,537: INFO: common: yaml file: config\config.yaml loaded successfully]
[2024-09-24 12:46:51,541: INFO: common: yaml file: params.yaml loaded successfully]
[2024-09-24 12:46:51,544: INFO: common: created directory at: artifacts]
[2024-09-25 09:59:29,636: INFO: common: yaml file: config\config.yaml loaded successfully]
[2024-09-25 09:59:29,644: INFO: common: yaml file: params.yaml loaded successfully]
[2024-09-25 09:59:29,652: INFO: common: created directory at: artifacts]
[2024-09-25 10:38:18,107: INFO: common: yaml file: config\config.yaml loaded successfully]
[2024-09-25 10:38:18,115: INFO: common: yaml file: params.yaml loaded successfully]
[2024-09-25 10:38:18,118: INFO: common: created directory at: artifacts]
[2024-09-25 10:38:18,118: INFO: common: created directory at: artifacts/prepare_base_model]
[2024-09-25 10:39:03,022: INFO: common: yaml file: config\config.yaml loaded successfully]
[2024-09-25 10:39:03,029: INFO: common: yaml file: params.yaml loaded successfully]
[2024-09-25 10:39:03,038: INFO: common: created directory at: artifacts]
[2024-09-25 10:39:03,046: INFO: common: created directory at: artifacts/prepare_base_model]
[2024-09-25 10:39:31,749: INFO: common: yaml file: config\config.yaml loaded successfully]
[2024-09-25 10:39:31,758: INFO: common: yaml file: params.yaml loaded successfully]
[2024-09-25 10:39:31,758: INFO: common: created directory at: artifacts]
[2024-09-25 10:39:31,766: INFO: common: created directory at: artifacts/prepare_base_model]
[2024-09-25 10:41:09,771: WARNING: saving_utils: Compiled the loaded model, but the compiled metrics have yet to be built. `model.compile_metrics` will be empty until you train or evaluate the model.]
[2024-09-25 10:58:32,149: INFO: main: >>>>>> stage Data ingestion stage started <<<<<<]
[2024-09-25 10:58:32,153: INFO: common: yaml file: config\config.yaml loaded successfully]
[2024-09-25 10:58:32,156: INFO: common: yaml file: params.yaml loaded successfully]
[2024-09-25 10:58:32,157: INFO: common: created directory at: artifacts]
[2024-09-25 10:58:32,158: INFO: common: created directory at: artifacts/data_ingestion]
[2024-09-25 10:58:32,158: INFO: data_ingestion: Downloading data from https://drive.google.com/file/d/1vlhZ5c7abUKF8xXERIw6m9Te8fW7ohw3/view?usp=sharing into file artifacts/data_ingestion/data.zip]
[2024-09-25 11:00:35,762: INFO: data_ingestion: Downloaded data from https://drive.google.com/file/d/1vlhZ5c7abUKF8xXERIw6m9Te8fW7ohw3/view?usp=sharing into file artifacts/data_ingestion/data.zip]
[2024-09-25 11:00:36,798: INFO: main: >>>>>> stage Data ingestion stage completed <<<<<<

x==========x]
[2024-09-25 11:13:46,116: INFO: main: >>>>>> stage Data ingestion stage started <<<<<<]
[2024-09-25 11:13:46,116: INFO: common: yaml file: config\config.yaml loaded successfully]
[2024-09-25 11:13:46,131: INFO: common: yaml file: params.yaml loaded successfully]
[2024-09-25 11:13:46,131: INFO: common: created directory at: artifacts]
[2024-09-25 11:13:46,131: INFO: common: created directory at: artifacts/data_ingestion]
[2024-09-25 11:13:46,131: INFO: data_ingestion: Downloading data from https://drive.google.com/file/d/1vlhZ5c7abUKF8xXERIw6m9Te8fW7ohw3/view?usp=sharing into file artifacts/data_ingestion/data.zip]
[2024-09-25 11:14:42,182: ERROR: main: ("Connection broken: ConnectionAbortedError(10053, 'An established connection was aborted by the software in your host machine', None, 10053, None)", ConnectionAbortedError(10053, 'An established connection was aborted by the software in your host machine', None, 10053, None))]
Traceback (most recent call last):
  File "C:\ProgramData\miniconda3\envs\kidney\lib\site-packages\urllib3\response.py", line 748, in _error_catcher
    yield
  File "C:\ProgramData\miniconda3\envs\kidney\lib\site-packages\urllib3\response.py", line 873, in _raw_read
    data = self._fp_read(amt, read1=read1) if not fp_closed else b""
  File "C:\ProgramData\miniconda3\envs\kidney\lib\site-packages\urllib3\response.py", line 856, in _fp_read
    return self._fp.read(amt) if amt is not None else self._fp.read()
  File "C:\ProgramData\miniconda3\envs\kidney\lib\http\client.py", line 459, in read
    n = self.readinto(b)
  File "C:\ProgramData\miniconda3\envs\kidney\lib\http\client.py", line 503, in readinto
    n = self.fp.readinto(b)
  File "C:\ProgramData\miniconda3\envs\kidney\lib\socket.py", line 669, in readinto
    return self._sock.recv_into(b)
  File "C:\ProgramData\miniconda3\envs\kidney\lib\ssl.py", line 1274, in recv_into
    return self.read(nbytes, buffer)
  File "C:\ProgramData\miniconda3\envs\kidney\lib\ssl.py", line 1132, in read
    return self._sslobj.read(len, buffer)
ConnectionAbortedError: [WinError 10053] An established connection was aborted by the software in your host machine

The above exception was the direct cause of the following exception:

Traceback (most recent call last):
  File "C:\ProgramData\miniconda3\envs\kidney\lib\site-packages\requests\models.py", line 820, in generate
    yield from self.raw.stream(chunk_size, decode_content=True)
  File "C:\ProgramData\miniconda3\envs\kidney\lib\site-packages\urllib3\response.py", line 1060, in stream
    data = self.read(amt=amt, decode_content=decode_content)
  File "C:\ProgramData\miniconda3\envs\kidney\lib\site-packages\urllib3\response.py", line 949, in read
    data = self._raw_read(amt)
  File "C:\ProgramData\miniconda3\envs\kidney\lib\site-packages\urllib3\response.py", line 902, in _raw_read
    self._fp.close()
  File "C:\ProgramData\miniconda3\envs\kidney\lib\contextlib.py", line 131, in __exit__
    self.gen.throw(type, value, traceback)
  File "C:\ProgramData\miniconda3\envs\kidney\lib\site-packages\urllib3\response.py", line 775, in _error_catcher
    raise ProtocolError(f"Connection broken: {e!r}", e) from e
urllib3.exceptions.ProtocolError: ("Connection broken: ConnectionAbortedError(10053, 'An established connection was aborted by the software in your host machine', None, 10053, None)", ConnectionAbortedError(10053, 'An established connection was aborted by the software in your host machine', None, 10053, None))

During handling of the above exception, another exception occurred:

Traceback (most recent call last):
  File "main.py", line 9, in <module>
    obj.main()
  File "e:\github project\kidney_classification_cnn\src\cnnClassifier\pipeline\stage_01_data_ingestion.py", line 15, in main
    data_ingestion.download_file()
  File "e:\github project\kidney_classification_cnn\src\cnnClassifier\components\data_ingestion.py", line 30, in download_file
    raise e
  File "e:\github project\kidney_classification_cnn\src\cnnClassifier\components\data_ingestion.py", line 25, in download_file
    gdown.download(prefix+file_id,zip_download_dir)
  File "C:\ProgramData\miniconda3\envs\kidney\lib\site-packages\gdown\download.py", line 368, in download
    for chunk in res.iter_content(chunk_size=CHUNK_SIZE):
  File "C:\ProgramData\miniconda3\envs\kidney\lib\site-packages\requests\models.py", line 822, in generate
    raise ChunkedEncodingError(e)
requests.exceptions.ChunkedEncodingError: ("Connection broken: ConnectionAbortedError(10053, 'An established connection was aborted by the software in your host machine', None, 10053, None)", ConnectionAbortedError(10053, 'An established connection was aborted by the software in your host machine', None, 10053, None))
[2024-09-25 11:15:51,702: INFO: main: >>>>>> stage Data ingestion stage started <<<<<<]
[2024-09-25 11:15:51,702: INFO: common: yaml file: config\config.yaml loaded successfully]
[2024-09-25 11:15:51,718: INFO: common: yaml file: params.yaml loaded successfully]
[2024-09-25 11:15:51,718: INFO: common: created directory at: artifacts]
[2024-09-25 11:15:51,721: INFO: common: created directory at: artifacts/data_ingestion]
[2024-09-25 11:15:51,721: INFO: data_ingestion: Downloading data from https://drive.google.com/file/d/1vlhZ5c7abUKF8xXERIw6m9Te8fW7ohw3/view?usp=sharing into file artifacts/data_ingestion/data.zip]
[2024-09-25 11:17:16,365: INFO: data_ingestion: Downloaded data from https://drive.google.com/file/d/1vlhZ5c7abUKF8xXERIw6m9Te8fW7ohw3/view?usp=sharing into file artifacts/data_ingestion/data.zip]
[2024-09-25 11:17:17,605: INFO: main: >>>>>> stage Data ingestion stage completed <<<<<<

x==========x]
[2024-09-25 11:17:17,605: INFO: main: *******************]
[2024-09-25 11:17:17,605: INFO: main: >>>>>> stage Prepare Base Model started <<<<<<]
[2024-09-25 11:17:17,605: INFO: common: yaml file: config\config.yaml loaded successfully]
[2024-09-25 11:17:17,605: INFO: common: yaml file: params.yaml loaded successfully]
[2024-09-25 11:17:17,605: INFO: common: created directory at: artifacts]
[2024-09-25 11:17:17,605: INFO: common: created directory at: artifacts/prepare_base_model]
[2024-09-25 11:17:18,595: WARNING: saving_utils: Compiled the loaded model, but the compiled metrics have yet to be built. `model.compile_metrics` will be empty until you train or evaluate the model.]
[2024-09-25 11:17:18,956: INFO: main: >>>>>> stage Prepare Base Model completed <<<<<<

x==========x]
[2024-09-25 11:30:59,965: INFO: common: yaml file: config\config.yaml loaded successfully]
[2024-09-25 11:30:59,975: INFO: common: yaml file: params.yaml loaded successfully]
[2024-09-25 11:30:59,980: INFO: common: created directory at: artifacts]
[2024-09-25 11:34:17,985: INFO: common: yaml file: config\config.yaml loaded successfully]
[2024-09-25 11:34:17,993: INFO: common: yaml file: params.yaml loaded successfully]
[2024-09-25 11:34:17,993: INFO: common: created directory at: artifacts]
[2024-09-25 11:34:18,002: INFO: common: created directory at: artifacts\training]
[2024-09-25 11:48:12,252: INFO: main: >>>>>> stage Data ingestion stage started <<<<<<]
[2024-09-25 11:48:12,252: INFO: common: yaml file: config\config.yaml loaded successfully]
[2024-09-25 11:48:12,252: INFO: common: yaml file: params.yaml loaded successfully]
[2024-09-25 11:48:12,252: INFO: common: created directory at: artifacts]
[2024-09-25 11:48:12,252: INFO: common: created directory at: artifacts/data_ingestion]
[2024-09-25 11:48:12,252: INFO: data_ingestion: Downloading data from https://drive.google.com/file/d/1vlhZ5c7abUKF8xXERIw6m9Te8fW7ohw3/view?usp=sharing into file artifacts/data_ingestion/data.zip]
[2024-09-25 11:49:53,498: INFO: data_ingestion: Downloaded data from https://drive.google.com/file/d/1vlhZ5c7abUKF8xXERIw6m9Te8fW7ohw3/view?usp=sharing into file artifacts/data_ingestion/data.zip]
[2024-09-25 11:49:54,492: INFO: main: >>>>>> stage Data ingestion stage completed <<<<<<

x==========x]
[2024-09-25 11:49:54,492: INFO: main: *******************]
[2024-09-25 11:49:54,492: INFO: main: >>>>>> stage Prepare Base Model started <<<<<<]
[2024-09-25 11:49:54,492: INFO: common: yaml file: config\config.yaml loaded successfully]
[2024-09-25 11:49:54,499: INFO: common: yaml file: params.yaml loaded successfully]
[2024-09-25 11:49:54,499: INFO: common: created directory at: artifacts]
[2024-09-25 11:49:54,499: INFO: common: created directory at: artifacts/prepare_base_model]
[2024-09-25 11:49:55,450: WARNING: saving_utils: Compiled the loaded model, but the compiled metrics have yet to be built. `model.compile_metrics` will be empty until you train or evaluate the model.]
[2024-09-25 11:49:55,820: INFO: main: >>>>>> stage Prepare Base Model completed <<<<<<

x==========x]
[2024-09-25 11:49:55,820: INFO: main: *******************]
[2024-09-25 11:49:55,820: INFO: main: >>>>>> stage Training started <<<<<<]
[2024-09-25 11:49:55,830: INFO: common: yaml file: config\config.yaml loaded successfully]
[2024-09-25 11:49:55,830: INFO: common: yaml file: params.yaml loaded successfully]
[2024-09-25 11:49:55,830: INFO: common: created directory at: artifacts]
[2024-09-25 11:49:55,830: INFO: common: created directory at: artifacts\training]
[2024-09-25 11:50:31,869: INFO: main: >>>>>> stage Training completed <<<<<<

x==========x]
